{"logTime": "0925/074606", "correlationVector":"8BMUL+bhw0nLVP85eXQ1HW.1","action":"SyncServerConnectionManagerRequest", "result":"SYNC_SERVER_OK", "context":{"environment":"Prod_southeastasia_prod-s01-064-apac-southeastasia", "migrationStage":"NotStarted", "server":"akswtt003000007"}}
{"logTime": "0925/074606", "correlationVector":"8BMUL+bhw0nLVP85eXQ1HW.2","action":"ProcessGetUpdates", "result":"Done", "context":{"dataType":"Encryption Keys", "deleted":"0", "process_failed_to_decrypt":"0", "process_pending_decryption":"0", "process_success":"1", "total":"1"}}
{"logTime": "0925/074607", "correlationVector":"kJtbGPCm/kgB/pIPA4AlFO","action":"SyncServerConnectionManagerRequest", "result":"SYNC_SERVER_OK", "context":{"environment":"", "migrationStage":"", "server":""}}
{"logTime": "0925/074607", "correlationVector":"kJtbGPCm/kgB/pIPA4AlFO.0","action":"EncryptionKeysFetcher.DownloadKeys:", "result":"Success", "context":Key count: 8, Last key timestamp: 2026-04-21T13:17:19Z}
{"logTime": "0925/074607", "correlationVector":"kJtbGPCm/kgB/pIPA4AlFO.1","action":"EncryptionKeysManager::SetEncryptionKeys:", "result":"Success", "context":Key names[8]:[27cpYd8JnKc1g/7rpxQ9nyElKjvXyd09GPGJUJ7LzO7rFGrZeBjMaNo5wnt+KpYb9zye1Out2e8GvZmgG80W/w==][oM0CH+CkHCR75IHo9+DYyIMK86YRtgusbpQ3X189z83vuxNhiN5KiOraThTMUgkCmpce9ONE+xuPk0R1YGXVAA==][eE0GJq6mNMXNaV5M/zqunBlSgH+eUnYJJSs2YZetTnhk4sbbZhs0ieqJOUc/deVAt9KnAF+CJrC4qTcGJ3oPNQ==][q3A5rKg8Ndj2eyGxJzlECMTgc6JwAiuamOmbIcr8l+CpXOlXb4b1tOda/tFhLAt4/dSkqiqxc0eexL7GQ6UJDw==][G0qzbZjZd1yd9wFfdR4J51CdT0A+OuFOGXbs7MHz1LUJDxKoz/mlRwRGhI8CvQcTNTeNTOeMy9S8DUaRwEGfEQ==][bgaaO40uwq+wAAqjL3dAkNOY42+T/MXrzwREjnobG4icFPTyizvC8etAwWOoQUoub+dT5P+ScPQ2nYFvODcJsw==][gcBcB0sIYSDdcC+j2qdnAAMYhL+QLbDBK2NQlGw3x4vnb/0RKjSpsIPOsyuCBwo1yrRH9JqhfxFKAqJpkeODqg==][jBU1KeIak7gYA6cytdTe6Z4DEtqdr8Tu0b5Cyg8+CHvw+XMDqrqRgkAHfimd/SG/CPvSnQ13c5JvFBY2o5nQZQ==]}
{"logTime": "0925/074607", "correlationVector":"kJtbGPCm/kgB/pIPA4AlFO.2","action":"EncryptionKeysManager::SetEncryptionKeysWithTimestamps:", "result":"Success", "context":Key timestamps[8]:[2021-07-01T14:09:34Z][2022-01-14T23:17:23Z][2022-07-15T15:28:08Z][2023-03-20T07:14:39Z][2023-09-19T08:48:54Z][2024-08-26T05:44:44Z][2025-10-17T12:38:12Z][2026-04-21T13:17:19Z]}
{"logTime": "0925/074607", "correlationVector":"8BMUL+bhw0nLVP85eXQ1HW","action":"Initial GetUpdates", "result":"", "context":Reason: NEW_CLIENT. cV=8BMUL+bhw0nLVP85eXQ1HW}
{"logTime": "0925/074607", "correlationVector":"8BMUL+bhw0nLVP85eXQ1HW.3","action":"GetUpdates Response", "result":"Success", "context":Received 1 update(s). cV=8BMUL+bhw0nLVP85eXQ1HW.0;server=akswtt003000007;cloudType=Consumer;environment=Prod_southeastasia_prod-s01-064-apac-southeastasia;migrationStage=NotStarted}
{"logTime": "0925/074607", "correlationVector":"sCOnAcyCDeZpPnCTrUq4uN","action":"Initial GetUpdates", "result":"", "context":Reason: NEWLY_SUPPORTED_DATATYPE. cV=sCOnAcyCDeZpPnCTrUq4uN}
{"logTime": "0925/074608", "correlationVector":"sCOnAcyCDeZpPnCTrUq4uN.1","action":"SyncServerConnectionManagerRequest", "result":"SYNC_SERVER_OK", "context":{"environment":"Prod_southeastasia_prod-s01-064-apac-southeastasia", "migrationStage":"NotStarted", "server":"akswtt00300002d"}}
{"logTime": "0925/074608", "correlationVector":"sCOnAcyCDeZpPnCTrUq4uN.2","action":"ProcessGetUpdates", "result":"Done", "context":{"dataType":"Passwords", "deleted":"0", "process_failed_to_decrypt":"0", "process_pending_decryption":"0", "process_success":"246", "total":"246"}}
{"logTime": "0925/074608", "correlationVector":"sCOnAcyCDeZpPnCTrUq4uN.3","action":"ProcessGetUpdates", "result":"Done", "context":{"dataType":"Device Info", "deleted":"0", "process_failed_to_decrypt":"0", "process_pending_decryption":"0", "process_success":"4", "total":"4"}}
{"logTime": "0925/074608", "correlationVector":"sCOnAcyCDeZpPnCTrUq4uN.4","action":"GetUpdates Response", "result":"Success", "context":Received 250 update(s). cV=sCOnAcyCDeZpPnCTrUq4uN.0;server=akswtt00300002d;cloudType=Consumer;environment=Prod_southeastasia_prod-s01-064-apac-southeastasia;migrationStage=NotStarted Some updates remain.}
{"logTime": "0925/074608", "correlationVector":"qsBwKszUuAf15pu2GOLVmk","action":"Initial GetUpdates", "result":"", "context":Reason: NEWLY_SUPPORTED_DATATYPE. cV=qsBwKszUuAf15pu2GOLVmk}
{"logTime": "0925/074608", "correlationVector":"qsBwKszUuAf15pu2GOLVmk.1","action":"SyncServerConnectionManagerRequest", "result":"SYNC_SERVER_OK", "context":{"environment":"Prod_southeastasia_prod-s01-064-apac-southeastasia", "migrationStage":"NotStarted", "server":"akswtt00300003x"}}
{"logTime": "0925/074608", "correlationVector":"qsBwKszUuAf15pu2GOLVmk.2","action":"ProcessGetUpdates", "result":"Done", "context":{"dataType":"Passwords", "deleted":"0", "process_failed_to_decrypt":"0", "process_pending_decryption":"0", "process_success":"91", "total":"91"}}
{"logTime": "0925/074608", "correlationVector":"qsBwKszUuAf15pu2GOLVmk.3","action":"ProcessGetUpdates", "result":"Done", "context":{"dataType":"Device Info", "deleted":"0", "process_failed_to_decrypt":"0", "process_pending_decryption":"0", "process_success":"5", "total":"5"}}
{"logTime": "0925/074608", "correlationVector":"qsBwKszUuAf15pu2GOLVmk.4","action":"GetUpdates Response", "result":"Success", "context":Received 96 update(s). cV=qsBwKszUuAf15pu2GOLVmk.0;server=akswtt00300003x;cloudType=Consumer;environment=Prod_southeastasia_prod-s01-064-apac-southeastasia;migrationStage=NotStarted}
{"logTime": "0925/074608", "correlationVector":"lvcdcEWCwqt3FYJr/pon/Y","action":"Initial GetUpdates", "result":"", "context":Reason: NEWLY_SUPPORTED_DATATYPE. cV=lvcdcEWCwqt3FYJr/pon/Y}
{"logTime": "0925/074609", "correlationVector":"lvcdcEWCwqt3FYJr/pon/Y.1","action":"SyncServerConnectionManagerRequest", "result":"SYNC_SERVER_OK", "context":{"environment":"Prod_southeastasia_prod-s01-064-apac-southeastasia", "migrationStage":"NotStarted", "server":"akswtt003000003"}}
{"logTime": "0925/074609", "correlationVector":"lvcdcEWCwqt3FYJr/pon/Y.2","action":"ProcessGetUpdates", "result":"Done", "context":{"dataType":"Bookmarks", "deleted":"0", "process_failed_to_decrypt":"0", "process_pending_decryption":"0", "process_success":"12", "total":"12"}}
{"logTime": "0925/074609", "correlationVector":"lvcdcEWCwqt3FYJr/pon/Y.3","action":"ProcessGetUpdates", "result":"Done", "context":{"dataType":"Preferences", "deleted":"0", "process_failed_to_decrypt":"0", "process_pending_decryption":"0", "process_success":"66", "total":"66"}}
{"logTime": "0925/074609", "correlationVector":"lvcdcEWCwqt3FYJr/pon/Y.4","action":"ProcessGetUpdates", "result":"Done", "context":{"dataType":"Autofill", "deleted":"0", "process_failed_to_decrypt":"0", "process_pending_decryption":"0", "process_success":"1", "total":"1"}}
{"logTime": "0925/074609", "correlationVector":"lvcdcEWCwqt3FYJr/pon/Y.5","action":"ProcessGetUpdates", "result":"Done", "context":{"dataType":"Extensions", "deleted":"0", "process_failed_to_decrypt":"0", "process_pending_decryption":"0", "process_success":"11", "total":"11"}}
{"logTime": "0925/074609", "correlationVector":"lvcdcEWCwqt3FYJr/pon/Y.6","action":"ProcessGetUpdates", "result":"Done", "context":{"dataType":"Sessions", "deleted":"27", "process_failed_to_decrypt":"0", "process_pending_decryption":"0", "process_success":"27", "total":"27"}}
{"logTime": "0925/074609", "correlationVector":"lvcdcEWCwqt3FYJr/pon/Y.7","action":"ProcessGetUpdates", "result":"Done", "context":{"dataType":"Extension settings", "deleted":"0", "process_failed_to_decrypt":"0", "process_pending_decryption":"0", "process_success":"53", "total":"53"}}
{"logTime": "0925/074609", "correlationVector":"lvcdcEWCwqt3FYJr/pon/Y.8","action":"ProcessGetUpdates", "result":"Done", "context":{"dataType":"Web Apps", "deleted":"0", "process_failed_to_decrypt":"0", "process_pending_decryption":"0", "process_success":"1", "total":"1"}}
{"logTime": "0925/074609", "correlationVector":"lvcdcEWCwqt3FYJr/pon/Y.9","action":"ProcessGetUpdates", "result":"Done", "context":{"dataType":"Edge Hub App Usage", "deleted":"0", "process_failed_to_decrypt":"0", "process_pending_decryption":"0", "process_success":"4", "total":"4"}}
{"logTime": "0925/074609", "correlationVector":"lvcdcEWCwqt3FYJr/pon/Y.10","action":"GetUpdates Response", "result":"Success", "context":Received 175 update(s). cV=lvcdcEWCwqt3FYJr/pon/Y.0;server=akswtt003000003;cloudType=Consumer;environment=Prod_southeastasia_prod-s01-064-apac-southeastasia;migrationStage=NotStarted}
{"logTime": "0925/074609", "correlationVector":"Wdf66oNd4uh8J06yz3ZrLT","action":"Initial GetUpdates", "result":"", "context":Reason: NEWLY_SUPPORTED_DATATYPE. cV=Wdf66oNd4uh8J06yz3ZrLT}
{"logTime": "0925/074609", "correlationVector":"Wdf66oNd4uh8J06yz3ZrLT.1","action":"SyncServerConnectionManagerRequest", "result":"SYNC_SERVER_OK", "context":{"environment":"Prod_southeastasia_prod-s01-064-apac-southeastasia", "migrationStage":"NotStarted", "server":"akswtt003000005"}}
{"logTime": "0925/074609", "correlationVector":"Wdf66oNd4uh8J06yz3ZrLT.2","action":"ProcessGetUpdates", "result":"Done", "context":{"dataType":"History", "deleted":"0", "process_failed_to_decrypt":"0", "process_pending_decryption":"0", "process_success":"4", "total":"4"}}
{"logTime": "0925/074609", "correlationVector":"Wdf66oNd4uh8J06yz3ZrLT.3","action":"GetUpdates Response", "result":"Success", "context":Received 4 update(s). cV=Wdf66oNd4uh8J06yz3ZrLT.0;server=akswtt003000005;cloudType=Consumer;environment=Prod_southeastasia_prod-s01-064-apac-southeastasia;migrationStage=NotStarted}
{"logTime": "0925/074609", "correlationVector":"6HSx1ySGZi6TqMCZNSepEN","action":"Normal GetUpdate request", "result":"", "context":cV=6HSx1ySGZi6TqMCZNSepEN
Nudged types: Sessions, Device Info, User Consents
Refresh requested types: Bookmarks, Preferences, Passwords, Autofill Profiles, Autofill, Extensions, Sessions, Extension settings, History Delete Directives, Device Info, User Consents, Send Tab To Self, Web Apps, History, Saved Tab Group, WebAuthn Credentials, Edge E Drop, Edge Hub App Usage, Edge Workspace, Encryption Keys}
{"logTime": "0925/074610", "correlationVector":"6HSx1ySGZi6TqMCZNSepEN.1","action":"SyncServerConnectionManagerRequest", "result":"SYNC_SERVER_OK", "context":{"environment":"Prod_southeastasia_prod-s01-064-apac-southeastasia", "migrationStage":"NotStarted", "server":"akswtt00300005d"}}
{"logTime": "0925/074610", "correlationVector":"6HSx1ySGZi6TqMCZNSepEN.2","action":"GetUpdates Response", "result":"Success", "context":Received 0 update(s). cV=6HSx1ySGZi6TqMCZNSepEN.0;server=akswtt00300005d;cloudType=Consumer;environment=Prod_southeastasia_prod-s01-064-apac-southeastasia;migrationStage=NotStarted}
{"logTime": "0925/074610", "correlationVector":"Phb3njFyvZ/V3GfLcw/a5J","action":"DoCompareDataConsistency requsted types: ", "result":"Bookmarks, Preferences, Passwords, Extensions, Extension settings, History Delete Directives, Send Tab To Self, Web Apps, History, Saved Tab Group, WebAuthn Credentials, Edge E Drop, Edge Workspace, Encryption Keys"}
{"logTime": "0925/074610", "correlationVector":"Phb3njFyvZ/V3GfLcw/a5J.0","action":"CompareDataConsistency result: ", "result":"Compare result: Encryption Keys is consistent. local entities count is: 1 local entities hash is: daSBdEfrh1NtiF7cGbN33VZzF7E="}
{"logTime": "0925/074610", "correlationVector":"Phb3njFyvZ/V3GfLcw/a5J.1","action":"CompareDataConsistency result: ", "result":"Compare result: Bookmarks is consistent. local entities count is: 6 local entities hash is: b1TtoremBsHwusutw2N9hNVOnIg="}
{"logTime": "0925/074610", "correlationVector":"Phb3njFyvZ/V3GfLcw/a5J.2","action":"CompareDataConsistency result: ", "result":"Compare result: Preferences is consistent. local entities count is: 66 local entities hash is: 4R9CFiDoDYIq0Vz7mulw7yau4zw="}
{"logTime": "0925/074610", "correlationVector":"Phb3njFyvZ/V3GfLcw/a5J.3","action":"CompareDataConsistency result: ", "result":"Compare result: Extensions is consistent. local entities count is: 11 local entities hash is: 4cxDAHl422CkAxS9sp/na8Teqss="}
{"logTime": "0925/074610", "correlationVector":"Phb3njFyvZ/V3GfLcw/a5J.4","action":"CompareDataConsistency result: ", "result":"Compare result: Extension settings is consistent. local entities count is: 53 local entities hash is: NoJcOAI2RF2k5bt23unNfeDZL7E="}
{"logTime": "0925/074610", "correlationVector":"Phb3njFyvZ/V3GfLcw/a5J.5","action":"CompareDataConsistency result: ", "result":"Compare result: History Delete Directives is consistent. local entities count is: 0 local entities hash is: "}
{"logTime": "0925/074610", "correlationVector":"Phb3njFyvZ/V3GfLcw/a5J.6","action":"CompareDataConsistency result: ", "result":"Server did not send this Send Tab To Self local entities count is: 0 local entities hash is: "}
{"logTime": "0925/074610", "correlationVector":"Phb3njFyvZ/V3GfLcw/a5J.7","action":"CompareDataConsistency result: ", "result":"Compare result: Web Apps is consistent. local entities count is: 1 local entities hash is: TJpTnjljRXY0+0uxYkzA0bU9SH0="}
{"logTime": "0925/074610", "correlationVector":"Phb3njFyvZ/V3GfLcw/a5J.8","action":"CompareDataConsistency result: ", "result":"Server did not send this History local entities count is: 0 local entities hash is: "}
{"logTime": "0925/074610", "correlationVector":"Phb3njFyvZ/V3GfLcw/a5J.9","action":"CompareDataConsistency result: ", "result":"Compare result: Saved Tab Group is consistent. local entities count is: 0 local entities hash is: "}
{"logTime": "0925/074610", "correlationVector":"Phb3njFyvZ/V3GfLcw/a5J.10","action":"CompareDataConsistency result: ", "result":"Server did not send this WebAuthn Credentials local entities count is: 0 local entities hash is: "}
{"logTime": "0925/074610", "correlationVector":"Phb3njFyvZ/V3GfLcw/a5J.11","action":"CompareDataConsistency result: ", "result":"Compare result: Edge E Drop is consistent. local entities count is: 0 local entities hash is: "}
{"logTime": "0925/074610", "correlationVector":"Phb3njFyvZ/V3GfLcw/a5J.12","action":"CompareDataConsistency result: ", "result":"Server did not send this Edge Workspace local entities count is: 0 local entities hash is: "}
{"logTime": "0925/074610", "correlationVector":"Phb3njFyvZ/V3GfLcw/a5J.13","action":"CompareDataConsistency result: ", "result":"Compare result: Passwords is consistent. local entities count is: 337 local entities hash is: 2ctE5r5OWh5sGQCHTu/KdjdLqBc="}
{"logTime": "0925/074610", "correlationVector":"rAbwUMnYJXUAZZ3FOtpfG4","action":"Commit Request", "result":"", "context":Item count: 4
Contributing types: Sessions, Device Info, User Consents}
{"logTime": "0925/074611", "correlationVector":"rAbwUMnYJXUAZZ3FOtpfG4.1","action":"SyncServerConnectionManagerRequest", "result":"SYNC_SERVER_OK", "context":{"environment":"Prod_southeastasia_prod-s01-064-apac-southeastasia", "migrationStage":"NotStarted", "server":"akswtt003000005"}}
{"logTime": "0925/074611", "correlationVector":"rAbwUMnYJXUAZZ3FOtpfG4.2","action":"Commit Response", "result":"Success", "context":Result: Success. cV=rAbwUMnYJXUAZZ3FOtpfG4.0;server=akswtt003000005;cloudType=Consumer;environment=Prod_southeastasia_prod-s01-064-apac-southeastasia;migrationStage=NotStarted}
{"logTime": "0925/074611", "correlationVector":"","action":"DIAGNOSTIC_REQUEST|v1/diagnosticData/Diagnostic.SendCheckResult()|SUCCESS", "result":""}
{"logTime": "0925/074634", "correlationVector":"8N/P3IupQblUz+7umALxXQ","action":"Commit Request", "result":"", "context":Item count: 15
Contributing types: Extensions, Sessions, History}
{"logTime": "0925/074636", "correlationVector":"8N/P3IupQblUz+7umALxXQ.1","action":"SyncServerConnectionManagerRequest", "result":"SYNC_SERVER_OK", "context":{"environment":"Prod_southeastasia_prod-s01-064-apac-southeastasia", "migrationStage":"NotStarted", "server":"akswtt00300005b"}}
{"logTime": "0925/074636", "correlationVector":"8N/P3IupQblUz+7umALxXQ.2","action":"Commit Response", "result":"Success", "context":Result: Success. cV=8N/P3IupQblUz+7umALxXQ.0;server=akswtt00300005b;cloudType=Consumer;environment=Prod_southeastasia_prod-s01-064-apac-southeastasia;migrationStage=NotStarted}
{"logTime": "0925/074638", "correlationVector":"eb9ttJeuMgOnyrGjyBI0Cx","action":"Commit Request", "result":"", "context":Item count: 3
Contributing types: Sessions, Extension settings, History}
{"logTime": "0925/074639", "correlationVector":"eb9ttJeuMgOnyrGjyBI0Cx.1","action":"SyncServerConnectionManagerRequest", "result":"SYNC_SERVER_OK", "context":{"environment":"Prod_southeastasia_prod-s01-064-apac-southeastasia", "migrationStage":"NotStarted", "server":"akswtt00300002d"}}
{"logTime": "0925/074639", "correlationVector":"eb9ttJeuMgOnyrGjyBI0Cx.2","action":"Commit Response", "result":"Success", "context":Result: Success. cV=eb9ttJeuMgOnyrGjyBI0Cx.0;server=akswtt00300002d;cloudType=Consumer;environment=Prod_southeastasia_prod-s01-064-apac-southeastasia;migrationStage=NotStarted}
{"logTime": "0925/074656", "correlationVector":"0Hj1Vh4ta0pyOMUjF1uTVv","action":"Commit Request", "result":"", "context":Item count: 40
Contributing types: Passwords}
{"logTime": "0925/074701", "correlationVector":"0Hj1Vh4ta0pyOMUjF1uTVv.1","action":"SyncServerConnectionManagerRequest", "result":"SYNC_SERVER_OK", "context":{"environment":"Prod_southeastasia_prod-s01-064-apac-southeastasia", "migrationStage":"NotStarted", "server":"akswtt003000005"}}
{"logTime": "0925/074701", "correlationVector":"0Hj1Vh4ta0pyOMUjF1uTVv.2","action":"Commit Response", "result":"Success", "context":Result: Success. cV=0Hj1Vh4ta0pyOMUjF1uTVv.0;server=akswtt003000005;cloudType=Consumer;environment=Prod_southeastasia_prod-s01-064-apac-southeastasia;migrationStage=NotStarted}
{"logTime": "0925/074701", "correlationVector":"OyMXqcvK0r0gncMWrayC1s","action":"Commit Request", "result":"", "context":Item count: 40
Contributing types: Passwords}
{"logTime": "0925/074706", "correlationVector":"OyMXqcvK0r0gncMWrayC1s.1","action":"SyncServerConnectionManagerRequest", "result":"SYNC_SERVER_OK", "context":{"environment":"Prod_southeastasia_prod-s01-064-apac-southeastasia", "migrationStage":"NotStarted", "server":"akswtt00300002w"}}
{"logTime": "0925/074706", "correlationVector":"OyMXqcvK0r0gncMWrayC1s.2","action":"Commit Response", "result":"Success", "context":Result: Success. cV=OyMXqcvK0r0gncMWrayC1s.0;server=akswtt00300002w;cloudType=Consumer;environment=Prod_southeastasia_prod-s01-064-apac-southeastasia;migrationStage=NotStarted}
{"logTime": "0925/074706", "correlationVector":"8VkRMP7IG7axTVqhKOVAgx","action":"Commit Request", "result":"", "context":Item count: 40
Contributing types: Passwords}
{"logTime": "0925/074711", "correlationVector":"8VkRMP7IG7axTVqhKOVAgx.1","action":"SyncServerConnectionManagerRequest", "result":"SYNC_SERVER_OK", "context":{"environment":"Prod_southeastasia_prod-s01-064-apac-southeastasia", "migrationStage":"NotStarted", "server":"akswtt00300005c"}}
{"logTime": "0925/074711", "correlationVector":"8VkRMP7IG7axTVqhKOVAgx.2","action":"Commit Response", "result":"Success", "context":Result: Success. cV=8VkRMP7IG7axTVqhKOVAgx.0;server=akswtt00300005c;cloudType=Consumer;environment=Prod_southeastasia_prod-s01-064-apac-southeastasia;migrationStage=NotStarted}
{"logTime": "0925/074711", "correlationVector":"JhgE56vkBK+R/MSyDRi6wU","action":"Commit Request", "result":"", "context":Item count: 40
Contributing types: Passwords}
{"logTime": "0925/074715", "correlationVector":"JhgE56vkBK+R/MSyDRi6wU.1","action":"SyncServerConnectionManagerRequest", "result":"SYNC_SERVER_OK", "context":{"environment":"Prod_southeastasia_prod-s01-064-apac-southeastasia", "migrationStage":"NotStarted", "server":"akswtt00300002y"}}
{"logTime": "0925/074715", "correlationVector":"JhgE56vkBK+R/MSyDRi6wU.2","action":"Commit Response", "result":"Success", "context":Result: Success. cV=JhgE56vkBK+R/MSyDRi6wU.0;server=akswtt00300002y;cloudType=Consumer;environment=Prod_southeastasia_prod-s01-064-apac-southeastasia;migrationStage=NotStarted}
{"logTime": "0925/074715", "correlationVector":"BBVLSe6BGmzi/edxCW+rKE","action":"Commit Request", "result":"", "context":Item count: 40
Contributing types: Passwords}
{"logTime": "0925/074721", "correlationVector":"BBVLSe6BGmzi/edxCW+rKE.1","action":"SyncServerConnectionManagerRequest", "result":"SYNC_SERVER_OK", "context":{"environment":"Prod_southeastasia_prod-s01-064-apac-southeastasia", "migrationStage":"NotStarted", "server":"akswtt00300002y"}}
{"logTime": "0925/074721", "correlationVector":"BBVLSe6BGmzi/edxCW+rKE.2","action":"Commit Response", "result":"Success", "context":Result: Success. cV=BBVLSe6BGmzi/edxCW+rKE.0;server=akswtt00300002y;cloudType=Consumer;environment=Prod_southeastasia_prod-s01-064-apac-southeastasia;migrationStage=NotStarted}
{"logTime": "0925/074721", "correlationVector":"uHRuuKraYOTYz2n8U8CQd4","action":"Commit Request", "result":"", "context":Item count: 40
Contributing types: Passwords}
{"logTime": "0925/074726", "correlationVector":"uHRuuKraYOTYz2n8U8CQd4.1","action":"SyncServerConnectionManagerRequest", "result":"SYNC_SERVER_OK", "context":{"environment":"Prod_southeastasia_prod-s01-064-apac-southeastasia", "migrationStage":"NotStarted", "server":"akswtt00300003x"}}
{"logTime": "0925/074726", "correlationVector":"uHRuuKraYOTYz2n8U8CQd4.2","action":"Commit Response", "result":"Success", "context":Result: Success. cV=uHRuuKraYOTYz2n8U8CQd4.0;server=akswtt00300003x;cloudType=Consumer;environment=Prod_southeastasia_prod-s01-064-apac-southeastasia;migrationStage=NotStarted}
{"logTime": "0925/074726", "correlationVector":"z5bMnQ8WgaArNIXaKF+3NM","action":"Commit Request", "result":"", "context":Item count: 40
Contributing types: Passwords}
{"logTime": "0925/074731", "correlationVector":"z5bMnQ8WgaArNIXaKF+3NM.1","action":"SyncServerConnectionManagerRequest", "result":"SYNC_SERVER_OK", "context":{"environment":"Prod_southeastasia_prod-s01-064-apac-southeastasia", "migrationStage":"NotStarted", "server":"akswtt003000005"}}
{"logTime": "0925/074731", "correlationVector":"z5bMnQ8WgaArNIXaKF+3NM.2","action":"Commit Response", "result":"Success", "context":Result: Success. cV=z5bMnQ8WgaArNIXaKF+3NM.0;server=akswtt003000005;cloudType=Consumer;environment=Prod_southeastasia_prod-s01-064-apac-southeastasia;migrationStage=NotStarted}
{"logTime": "0925/074731", "correlationVector":"1Hf0ok0C0gtC8pWGq3afaf","action":"Commit Request", "result":"", "context":Item count: 4
Contributing types: Passwords, Sessions, History}
{"logTime": "0925/074731", "correlationVector":"1Hf0ok0C0gtC8pWGq3afaf.1","action":"SyncServerConnectionManagerRequest", "result":"SYNC_SERVER_OK", "context":{"environment":"Prod_southeastasia_prod-s01-064-apac-southeastasia", "migrationStage":"NotStarted", "server":"akswtt003000007"}}
{"logTime": "0925/074731", "correlationVector":"1Hf0ok0C0gtC8pWGq3afaf.2","action":"Commit Response", "result":"Success", "context":Result: Success. cV=1Hf0ok0C0gtC8pWGq3afaf.0;server=akswtt003000007;cloudType=Consumer;environment=Prod_southeastasia_prod-s01-064-apac-southeastasia;migrationStage=NotStarted}
